2026-05-12 01:07:36 [info     ] Cloud environment detected, initializing ASGI SSE port=8086
INFO:     Started server process [14732]
INFO:     Waiting for application startup.
INFO:     Application startup complete.
INFO:     Uvicorn running on http://0.0.0.0:8086 (Press CTRL+C to quit)
INFO:     127.0.0.1:63616 - "GET /sse HTTP/1.1" 200 OK
INFO:httpx:HTTP Request: GET http://localhost:8086/sse "HTTP/1.1 200 OK"
INFO:     127.0.0.1:63618 - "POST /messages?session_id=80d0c3a4c14c4c159231bfe0729736f8 HTTP/1.1" 202 Accepted
INFO:httpx:HTTP Request: POST http://localhost:8086/messages?session_id=80d0c3a4c14c4c159231bfe0729736f8 "HTTP/1.1 202 Accepted"
ERROR:    Exception in ASGI application
Traceback (most recent call last):
  File "/Users/gantavya/Desktop/MCP_health/.venv/lib/python3.11/site-packages/uvicorn/protocols/http/h11_impl.py", line 415, in run_asgi
    result = await app(  # type: ignore[func-returns-value]
             ^^^^^^^^^^^^^^^^^^^^^^^^^^^^^^^^^^^^^^^^^^^^^^
  File "/Users/gantavya/Desktop/MCP_health/.venv/lib/python3.11/site-packages/uvicorn/middleware/proxy_headers.py", line 56, in __call__
    return await self.app(scope, receive, send)
           ^^^^^^^^^^^^^^^^^^^^^^^^^^^^^^^^^^^^
  File "/Users/gantavya/Desktop/MCP_health/.venv/lib/python3.11/site-packages/starlette/applications.py", line 90, in __call__
    await self.middleware_stack(scope, receive, send)
  File "/Users/gantavya/Desktop/MCP_health/.venv/lib/python3.11/site-packages/starlette/middleware/errors.py", line 186, in __call__
    raise exc
  File "/Users/gantavya/Desktop/MCP_health/.venv/lib/python3.11/site-packages/starlette/middleware/errors.py", line 164, in __call__
    await self.app(scope, receive, _send)
  File "/Users/gantavya/Desktop/MCP_health/.venv/lib/python3.11/site-packages/starlette/middleware/cors.py", line 88, in __call__
    await self.app(scope, receive, send)
  File "/Users/gantavya/Desktop/MCP_health/.venv/lib/python3.11/site-packages/starlette/middleware/exceptions.py", line 63, in __call__
    await wrap_app_handling_exceptions(self.app, conn)(scope, receive, send)
  File "/Users/gantavya/Desktop/MCP_health/.venv/lib/python3.11/site-packages/starlette/_exception_handler.py", line 53, in wrapped_app
    raise exc
  File "/Users/gantavya/Desktop/MCP_health/.venv/lib/python3.11/site-packages/starlette/_exception_handler.py", line 42, in wrapped_app
    await app(scope, receive, sender)
  File "/Users/gantavya/Desktop/MCP_health/.venv/lib/python3.11/site-packages/starlette/routing.py", line 660, in __call__
    await self.middleware_stack(scope, receive, send)
  File "/Users/gantavya/Desktop/MCP_health/.venv/lib/python3.11/site-packages/starlette/routing.py", line 680, in app
    await route.handle(scope, receive, send)
  File "/Users/gantavya/Desktop/MCP_health/.venv/lib/python3.11/site-packages/starlette/routing.py", line 276, in handle
    await self.app(scope, receive, send)
  File "/Users/gantavya/Desktop/MCP_health/.venv/lib/python3.11/site-packages/starlette/routing.py", line 64, in app
    await wrap_app_handling_exceptions(app, request)(scope, receive, send)
  File "/Users/gantavya/Desktop/MCP_health/.venv/lib/python3.11/site-packages/starlette/_exception_handler.py", line 53, in wrapped_app
    raise exc
  File "/Users/gantavya/Desktop/MCP_health/.venv/lib/python3.11/site-packages/starlette/_exception_handler.py", line 42, in wrapped_app
    await app(scope, receive, sender)
  File "/Users/gantavya/Desktop/MCP_health/.venv/lib/python3.11/site-packages/starlette/routing.py", line 62, in app
    await response(scope, receive, send)
          ^^^^^^^^^^^^^^^^^^^^^^^^^^^^^^
TypeError: 'NoneType' object is not callable
ERROR:    Exception in ASGI application
Traceback (most recent call last):
  File "/Users/gantavya/Desktop/MCP_health/.venv/lib/python3.11/site-packages/uvicorn/protocols/http/h11_impl.py", line 415, in run_asgi
    result = await app(  # type: ignore[func-returns-value]
             ^^^^^^^^^^^^^^^^^^^^^^^^^^^^^^^^^^^^^^^^^^^^^^
  File "/Users/gantavya/Desktop/MCP_health/.venv/lib/python3.11/site-packages/uvicorn/middleware/proxy_headers.py", line 56, in __call__
    return await self.app(scope, receive, send)
           ^^^^^^^^^^^^^^^^^^^^^^^^^^^^^^^^^^^^
  File "/Users/gantavya/Desktop/MCP_health/.venv/lib/python3.11/site-packages/starlette/applications.py", line 90, in __call__
    await self.middleware_stack(scope, receive, send)
  File "/Users/gantavya/Desktop/MCP_health/.venv/lib/python3.11/site-packages/starlette/middleware/errors.py", line 186, in __call__
    raise exc
  File "/Users/gantavya/Desktop/MCP_health/.venv/lib/python3.11/site-packages/starlette/middleware/errors.py", line 164, in __call__
    await self.app(scope, receive, _send)
  File "/Users/gantavya/Desktop/MCP_health/.venv/lib/python3.11/site-packages/starlette/middleware/cors.py", line 88, in __call__
    await self.app(scope, receive, send)
  File "/Users/gantavya/Desktop/MCP_health/.venv/lib/python3.11/site-packages/starlette/middleware/exceptions.py", line 63, in __call__
    await wrap_app_handling_exceptions(self.app, conn)(scope, receive, send)
  File "/Users/gantavya/Desktop/MCP_health/.venv/lib/python3.11/site-packages/starlette/_exception_handler.py", line 53, in wrapped_app
    raise exc
  File "/Users/gantavya/Desktop/MCP_health/.venv/lib/python3.11/site-packages/starlette/_exception_handler.py", line 42, in wrapped_app
    await app(scope, receive, sender)
  File "/Users/gantavya/Desktop/MCP_health/.venv/lib/python3.11/site-packages/starlette/routing.py", line 660, in __call__
    await self.middleware_stack(scope, receive, send)
  File "/Users/gantavya/Desktop/MCP_health/.venv/lib/python3.11/site-packages/starlette/routing.py", line 680, in app
    await route.handle(scope, receive, send)
  File "/Users/gantavya/Desktop/MCP_health/.venv/lib/python3.11/site-packages/starlette/routing.py", line 276, in handle
    await self.app(scope, receive, send)
  File "/Users/gantavya/Desktop/MCP_health/.venv/lib/python3.11/site-packages/starlette/routing.py", line 64, in app
    await wrap_app_handling_exceptions(app, request)(scope, receive, send)
  File "/Users/gantavya/Desktop/MCP_health/.venv/lib/python3.11/site-packages/starlette/_exception_handler.py", line 53, in wrapped_app
    raise exc
  File "/Users/gantavya/Desktop/MCP_health/.venv/lib/python3.11/site-packages/starlette/_exception_handler.py", line 42, in wrapped_app
    await app(scope, receive, sender)
  File "/Users/gantavya/Desktop/MCP_health/.venv/lib/python3.11/site-packages/starlette/routing.py", line 62, in app
    await response(scope, receive, send)
          ^^^^^^^^^^^^^^^^^^^^^^^^^^^^^^
TypeError: 'NoneType' object is not callable
SUCCESS
